// Vitest Snapshot v1, https://vitest.dev/guide/snapshot.html

exports[`parse uv.sp file from readFileSync 1`] = `
{
  "header": {
    "description": "2D constant interval DataSet file",
    "signature": "PEPE",
  },
  "spectra": [
    {
      "meta": {
        "alias": "Illuminant_A_cs.sp",
        "dataType": 1,
        "fileType": "SPECTRUM",
        "history": [
          {
            "entries": [
              "Mircea Morar (mmorar)",
              "Checksum added for 21CFR11 Compliance.",
              "fri apr 24 11:47:10 2009 GMT Daylight Time (GMT+1:00)",
              "",
              "",
              "PerkinElmer Application",
              "Imported From ASCII",
              "mon dec 17 16:09:19 2007 GMT Standard Time (GMT+0:00)",
              "",
              "Imported dataset from a DataManager-format legacy file",
              "Analyst",
              "Last Modified As ASCII File",
              "thu jul 20 23:39:00 2006",
              "",
              "",
              "Analyst",
              "Created As ASCII File",
              "thu jul 20 23:39:00 2006",
              "",
              "",
              2,
              "Lambda 950",
              "950N5111104",
              "PerkinElmer UV WinLab 5.1.5.0637 / 1.61.00 Lambda 900",
              "",
              0,
              1,
              0,
              1,
              3350,
              1,
              0,
              1,
              0,
              1,
              "UV/VIS",
              1,
              1,
              1,
              1,
              1,
              1,
              ""RBeamAtt,SBeamAtt,150mm sphere / downward view"",
              0,
              1,
              0,
              1,
              0,
              1,
              0,
              1,
              "Program",
              " ",
              0,
              1,
              3350,
              1,
              0,
              1,
              0,
              1,
              0,
              1,
              " ",
              " ",
              " ",
              0,
              1,
              " ",
              860.8,
              1,
              319.2,
              1,
              860.8,
              1,
              "Front",
              100,
              1,
              " ",
              "S:100 R:100",
              0,
              1,
              0,
              0,
              0,
              0,
              0,
              0,
              " ",
              0,
              0,
              " ",
              " ",
              " ",
              0,
              0,
              " ",
              " ",
              0,
              0,
              0,
              0,
              0,
              0,
              0,
              0,
              0,
              0,
              " ",
              " ",
              " ",
              " ",
              0,
              0,
              0,
              0,
              "",
              "",
            ],
          },
        ],
        "maxY": 241.68,
        "minY": 0,
        "name": "C:\\Trinity\\Data\\Reference Data\\Color (ASTM E 308)\\Illuminant_A.sp",
        "samplingMethod": "SUBTECH     ",
      },
      "variables": {
        "x": {
          "data": Float64Array [
            780,
            775,
            770,
            765,
            760,
            755,
            750,
            745,
            740,
            735,
            730,
            725,
            720,
            715,
            710,
            705,
            700,
            695,
            690,
            685,
            680,
            675,
            670,
            665,
            660,
            655,
            650,
            645,
            640,
            635,
            630,
            625,
            620,
            615,
            610,
            605,
            600,
            595,
            590,
            585,
            580,
            575,
            570,
            565,
            560,
            555,
            550,
            545,
            540,
            535,
            530,
            525,
            520,
            515,
            510,
            505,
            500,
            495,
            490,
            485,
            480,
            475,
            470,
            465,
            460,
            455,
            450,
            445,
            440,
            435,
            430,
            425,
            420,
            415,
            410,
            405,
            400,
            395,
            390,
            385,
            380,
          ],
          "label": "nm",
          "symbol": "x",
          "unitType": 11,
        },
        "y": {
          "data": Float64Array [
            241.68,
            239.37,
            237.01,
            234.59,
            232.12,
            229.59,
            227,
            224.36,
            221.67,
            218.92,
            216.12,
            213.27,
            210.36,
            207.41,
            204.41,
            201.36,
            198.26,
            195.12,
            191.93,
            188.7,
            185.43,
            182.12,
            178.77,
            175.38,
            171.96,
            168.51,
            165.03,
            161.52,
            157.98,
            154.42,
            150.84,
            147.24,
            143.62,
            139.99,
            136.35,
            132.7,
            129.04,
            125.39,
            121.73,
            118.08,
            114.44,
            110.8,
            107.18,
            103.58,
            100,
            96.44,
            92.91,
            89.41,
            85.95,
            82.52,
            79.13,
            75.79,
            72.5,
            69.25,
            66.06,
            62.93,
            59.86,
            56.85,
            53.91,
            51.04,
            48.24,
            45.52,
            42.87,
            40.3,
            37.81,
            35.41,
            33.09,
            30.85,
            28.7,
            26.64,
            24.67,
            22.79,
            20.99,
            19.29,
            17.68,
            16.15,
            14.71,
            13.35,
            12.09,
            10.9,
            9.8,
          ],
          "label": "nm",
          "symbol": "y",
          "unitType": 0,
        },
      },
    },
  ],
}
`;
